academy;academy;Mephisto Academy (English)
academyg;academyg;Mephisto Academy (German, new)
academyga;academyga;Mephisto Academy (German, old)
alm16;alm16;Mephisto Almeria 16 Bit
alm32;alm32;Mephisto Almeria 32 Bit
alm32_oc;alm32_oc;Mephisto Almeria 68020 (Turbo)
amsterd;amsterd;Mephisto Amsterdam
amsterda;amsterda;Mephisto Amsterdam (old)
arb_gms40;arb gms40;AVE ARB Sargon 4.0 Grand Master Series
arb_sargon25;arb sargon25;AVE ARB Sargon 2.5
arbv2;arbv2;AVE ARB V2 Sargon 4.0
berl16;berl16;Mephisto Berlin 68000 v0.03
berl16_oc;berl16_oc;Mephisto Berlin 68000 v0.03 (24 MHz)
berl16a;berl16a;Mephisto Berlin 68000 v0.02
berl16a_oc;berl16a_oc;Mephisto Berlin 68000 v0.02 (24 MHz)
berl16l;berl16l;Mephisto Berlin 68000 London
berl16l_oc;berl16l_oc;Mephisto Berlin 68000 London (24 MHz)
berlinp;berlinp;Mephisto Berlin Pro 68020
berl32t8p;berl32t8p;Mephisto TM Berlin 68030 (prototype)
berlinpl;berlinpl;Mephisto Berlin Pro 68020 London
boris;boris;ACI Boris (rev. 01)
borisa;borisa;ACI Boris (rev. 00)
borisdpl;borisdpl;ACI Boris Diplomat
bup;bup;Mephisto B&P (set 1)
bupa;bupa;Mephisto B&P (set 2)
cc10;cc10;Fidelity CC10-B Chess Challenger 10 (model CCX, rev. B)
cc10a;cc10a;Fidelity CC10 Chess Challenger 10 (model CCX)
cc3;cc3;Fidelity CC3 Chess Challenger 3
cc7;cc7;Fidelity CC7-B Chess Challenger 7 (model BCC, rev. B)
cc7o;cc7o;Fidelity CC7 Chess Challenger 7 (model CC7)
ccdelta1;ccdelta1;Novag Delta-1
ccdelta1x;ccdelta1x;Novag Delta-1 (modified)
ccmk1;ccmk1;Novag MK I
ccmk2;ccmk2;Novag MK II ver.1
ccmk2a;ccmk2a;Novag MK II ver.2
ccmk5;ccmk5;Saitek Mark V
ccmk6;ccmk6;Saitek Mark VI Philidor
cfortea;cfortea;Novag Constellation Forte A
cforteb;cforteb;Novag Constellation Forte B
ch2001;ch2001;CXG Chess 2001
chessmst;chessmst;VEB Chess-Master (set 1)
chessmsta;chessmsta;VEB Chess-Master (set 2)
chessmstdm;chessmstdm;VEB Chess-Master Diamond
chesster;chesster;Fidelity Chesster v1.3
chesstera;chesstera;Fidelity Chesster
chesstrv;chesstrv;Novag Pocket Chess
chmate;chmate;Commodore Chessmate
ckmaster;ckmaster;Chess King Master
cmpchess;cmpchess;DCS CompuChess
cncchess;cncchess;Conic Master I
cncchess2;cncchess2;Conic Computer Chess
concply;concply;Consumenta Conchess Plymate (Amsterdam, T8)
concplyv;concplyv;Consumenta Conchess Plymate Victoria
concstd;concstd;Consumenta Conchess (standard)
const;const;Novag Constellation
const36;const36;Novag Constellation 3.6 (set 1)
const36a;const36a;Novag Constellation 3.6 (set 2)
constq;constq;Novag Constellation Quattro
corona;corona;Saitek Corona II (ver. D+)
coronaa;coronaa;Saitek Corona (ver. C)
cp2000;cp2000;Novag Chess Partner 2000
csc;csc;Fidelity CSC Champion Sensory Chess Challenger
csce;csce;Fidelity Elite Champion Challenger (Travemuende)
dallas16;dallas16;Mephisto Dallas 68000
dallas16a;dallas16a;Mephisto Dallas 68000 (old)
dallas32;dallas32;Mephisto Dallas 68020
debutm;debutm;Energopribor Debut-M
diablo68;diablo68;Novag Diablo 68000
fdes2000;fdes2000;Fidelity Designer 2000
fdes2000d;fdes2000d;Fidelity Designer 2000 Display
fdes2100;fdes2100;Fidelity Designer 2100
fdes2100d;fdes2100d;Fidelity Designer 2100 Display
fdes2265;fdes2265;Fidelity Designer Mach III Master 2265
fdes2325;fdes2325;Fidelity Designer Mach IV Master 2325
feag;feag;Fidelity Elite Avantgarde
feag2100;feag2100;Fidelity Elite Avantgarde 2100 (set 1)
feag2100a;feag2100a;Fidelity Elite Avantgarde 2100 (set 2)
feagv10;feagv10;Fidelity Elite Avantgarde V10
feagv11;feagv11;Fidelity Elite Avantgarde V11
feagv2;feagv2;Fidelity Elite Avantgarde V2
feagv3;feagv3;Fidelity Elite Avantgarde V3
feagv5;feagv5;Fidelity Elite Avantgarde V5
feagv7;feagv7;Fidelity Elite Avantgarde V7 (set 1)
feagv7a;feagv7a;Fidelity Elite Avantgarde V7 (set 2)
feagv9;feagv9;Fidelity Elite Avantgarde V9
feasbu;feasbu;Fidelity Elite A-S (Budapest program)
feasgla;feasgla;Fidelity Elite A-S (Glasgow program)
feleg;feleg;Fidelity Elegance
fepriv;fepriv;Fidelity Elite Private Line (red version)
fex68k;fex68k;Fidelity Excel 68000 (set 1)
fex68ka;fex68ka;Fidelity Excel 68000 (set 2)
fex68kb;fex68kb;Fidelity Excel 68000 (set 3)
fex68km2;fex68km2;Fidelity Excel 68000 Mach II (set 1)
fex68km2a;fex68km2a;Fidelity Excel 68000 Mach II (set 2)
fex68km3;fex68km3;Fidelity Excel 68000 Mach III Master
fex68km4;fex68km4;Fidelity Excel 68020 Mach IV Master 2325
fexcel;fexcel;Fidelity Excellence (6080B)
fexcel12;fexcel12;Fidelity Excellence EP12 (set 1)
fexcel124;fexcel124;Fidelity Excellence EP12 (set 2)
fexcela;fexcela;Fidelity Excellence (6080)
fexceld;fexceld;Fidelity Excel Display
fexcelp;fexcelp;Fidelity Par Excellence
fexcelpb;fexcelpb;Fidelity Par Excellence (rev. B)
fexcelv;fexcelv;Fidelity Excellence Voice
fpres;fpres;Fidelity Prestige (original program)
fpresbu;fpresbu;Fidelity Prestige (Budapest program)
fscc12;fscc12;Fidelity SC12 Sensory Chess Challenger 12
fscc12b;fscc12b;Fidelity SC12-B Sensory Chess Challenger 12-B
fscc6;fscc6;Fidelity SC6 Sensory Chess Challenger 6
fscc8;fscc8;Fidelity SC8 Sensory Chess Challenger 8
fscc9;fscc9;Fidelity SC9-D Sensory Chess Challenger 9-D
fscc9b;fscc9b;Fidelity SC9-B Sensory Chess Challenger 9-B
fscc9c;fscc9c;Fidelity SC9-C Sensory Chess Challenger 9-C
fscc9ps;fscc9ps;Fidelity Playmatic 'S' Sensory 9
galileo;galileo;Saitek Galileo
gen32;gen32;Mephisto Genius 68030 v4.01
gen32_oc;gen32_oc;Mephisto Genius 68030 v4.01 (66 MHz)
gen32a;gen32a;Mephisto Genius 68030 v4.00
gen32a_oc;gen32a_oc;Mephisto Genius 68030 v4.00 (66 MHz)
gen32l;gen32l;Mephisto Genius 68030 v5.00 London
gen32l_oc;gen32l_oc;Mephisto Genius 68030 v5.00 London (66 MHz)
ggm_boris25;ggm boris25;ACI GGM Boris-Sargon 2.5
ggm_sandy;ggm sandy;ACI GGM Sandy Edition
ggm_steinitz;ggm steinitz;ACI GGM Steinitz Edition-4
ggm_steinitza;ggm steinitza;ACI GGM Steinitz @ 4 MHz
ggm_steinitzb;ggm steinitzb;ACI GGM Steinitz @ 20 MHz
glasgow;glasgow;Mephisto Glasgow III-S
granits;granits;RCS Granit S
intel02_chess;intel02 chess;BREA Intellect-02 (3 levels)
intel02_chess2;intel02 chess2;BREA Intellect-02 (4 levels)
kishon;kishon;Fidelity Kishon Chesster v2.3
kishona;kishona;Fidelity Kishon Chesster v2.2
leonardo;leonardo;Saitek Leonardo (set 1)
leonardoa;leonardoa;Saitek Leonardo (set 2)
lond16;lond16;Mephisto London 16 Bit
lond32;lond32;Mephisto London 32 Bit
lond32_oc;lond32_oc;Mephisto London 68020 (Turbo)
lond32t;lond32t;Mephisto TM London 68030
lond32t8;lond32t8;Mephisto TM London 68030 (WM version)
lond32t8x;lond32t8x;Mephisto TM London 68040 (experimental)
lyon16;lyon16;Mephisto Lyon 16 Bit
lyon32;lyon32;Mephisto Lyon 32 Bit
lyon32_oc;lyon32_oc;Mephisto Lyon 68020 (Turbo)
lyon32t;lyon32t;Mephisto TM Lyon 68030
lyon32t8;lyon32t8;Mephisto TM Lyon 68030 (WM version)
mchess;mchess;Mattel Computer Chess
megaiv;megaiv;Mephisto Mega IV (set 1)
megaiva;megaiva;Mephisto Mega IV (set 2)
mephisto;mephisto;Mephisto I
mephisto1x;mephisto1x;Mephisto I X
mephisto2;mephisto2;Mephisto II (set 1)
mephisto2a;mephisto2a;Mephisto II (set 2)
mephisto2e;mephisto2e;Mephisto II ESB
mephisto3;mephisto3;Mephisto III (ver. A)
mephisto3b;mephisto3b;Mephisto III (ver. B)
milano;milano;Mephisto Milano v.1.02
milanoa;milanoa;Mephisto Milano v.1.01
mm1;mm1;Mephisto MM I (ver. A)
mm1b;mm1b;Mephisto MM I (ver. B)
mm2;mm2;Mephisto MM II (set 1, v4.00 1 EPROM)
mm2a;mm2a;Mephisto MM II (set 2, v4.00 2 EPROMs)
mm2b;mm2b;Mephisto MM II (set 3, v3.00)
mm2c;mm2c;Mephisto MM II (set 4)
mm2d;mm2d;Mephisto MM II (set 5)
mm4;mm4;Mephisto MM IV (set 1, v7.10)
mm4a;mm4a;Mephisto MM IV (set 2, v7.00)
mm4b;mm4b;Mephisto MM IV (set 3, v6.00)
mm4tk;mm4tk;Mephisto MM IV TurboKit
mm5;mm5;Mephisto MM V (set 1, v5.1)
mm5a;mm5a;Mephisto MM V (set 2, v5.0)
mm5tk;mm5tk;Mephisto MM V TurboKit
mm5p;mm5p;Mephisto Rebel-X (MM V prototype)
mm5ptk;mm5ptk;Mephisto Rebel-X TurboKit (MM V prototype)
mmirage;mmirage;Mephisto Mirage
modena;modena;Mephisto Modena (set 1)
modenaa;modenaa;Mephisto Modena (set 2)
modenab;modenab;Mephisto Modena (set 3)
mondial;mondial;Mephisto Mondial
mondial2;mondial2;Mephisto Mondial II
mondl68k;mondl68k;Mephisto Mondial 68000XL
montec;montec;Mephisto Monte Carlo (ver. MC3)
monteca;monteca;Mephisto Monte Carlo (ver. MC2)
monteciv;monteciv;Mephisto Monte Carlo IV LE
montreux;montreux;Mephisto Montreux v1.00
mrisc;mrisc;Mephisto RISC 1MB
mrisc2;mrisc2;Mephisto RISC II
nocto;nocto;Novag Octo
npresto;npresto;Novag Presto
nshort;nshort;Mephisto Nigel Short
polgar;polgar;Mephisto Polgar v1.5
polgar10;polgar10;Mephisto Polgar 10MHz v10.0
polgar101;polgar101;Mephisto Polgar 10MHz v10.1
port16;port16;Mephisto Portorose 16 Bit v1.01
port32;port32;Mephisto Portorose 32 Bit v1.03
port32_oc;port32_oc;Mephisto Portorose 68020 v1.03 (Turbo)
port32a;port32a;Mephisto Portorose 32 Bit v1.01
port32a_oc;port32a_oc;Mephisto Portorose 68020 v1.01 (Turbo)
port32t;port32t;Mephisto TM Portorose 68030
prodigy;prodigy;ACI Destiny Prodigy
prschess;prschess;Saitek President Chess
prtchess;prtchess;CXG Portachess (1985 version)
rebel5;rebel5;Mephisto Rebell 5.0 (set 1)
rebel5a;rebel5a;Mephisto Rebell 5.0 (set 2)
regence;regence;FDR La Regence (TSB 4)
renaissa;renaissa;Saitek Renaissance (set 1)
renaissaa;renaissaa;Saitek Renaissance (set 2)
risc2500;risc2500;Saitek RISC 2500 v1.04
risc2500a;risc2500a;Saitek RISC 2500 v1.03
roma16;roma16;Mephisto Roma 68000
roma16a;roma16a;Mephisto Roma 68000 (old)
roma32;roma32;Mephisto Roma 68020
savant;savant;Novag Savant
savant2;savant2;Novag Savant II
sc2;sc2;VEB Schachcomputer SC-2 v2 (rev. E)
sc2a;sc2a;VEB Schachcomputer SC-2 v1
schess;schess;Saitek Sensor Chess
scorpio68;scorpio68;Novag Scorpio 68000
scptchess;scptchess;CXG Sensor Computachess
sdtor;sdtor;CXG Sphinx Dominator v2.05
sexperta;sexperta;Novag Super Expert A
sexperta1;sexperta1;Novag Super Expert A (old)
sexpertb;sexpertb;Novag Super Expert B
sexpertc;sexpertc;Novag Super Expert C v3.6
sexpertc1;sexpertc1;Novag Super Expert C v3.0
sfortea;sfortea;Novag Super Forte A (set 1)
sfortea1;sfortea1;Novag Super Forte A (set 2)
sfortea2;sfortea2;Novag Super Forte A (set 3)
sforteb;sforteb;Novag Super Forte B
sfortec;sfortec;Novag Super Forte C
slc1;slc1;Schach- und Lerncomputer SLC-1 v2
slc1a;slc1a;Schach- und Lerncomputer SLC-1 v1 (prototype)
smchess;smchess;Saitek Mini Chess
smondial;smondial;Mephisto Super Mondial (ver. A)
smondialab;smondialab;Mephisto Super Mondial (ver. AB)
smondialb;smondialb;Mephisto Super Mondial (ver. B)
smondial2;smondial2;Mephisto Super Mondial II
sphinx40;sphinx40;CXG Sphinx 40
ssensor4;ssensor4;Novag Super Sensor IV
sstar28k;sstar28k;Saitek Superstar 28K
ssystem3;ssystem3;Novag Super System III
stratos;stratos;Saitek Stratos (set 1)
stratosa;stratosa;Saitek Stratos (set 2)
super9cc;super9cc;Fidelity SU9 Super 9 Sensory Chess Challenger
supercon;supercon;Novag Super Constellation
tascr30;tascr30g;Tasc R30 (The King 2.50)
tascr30a;tascr30a;Tasc R30 (The King 2.20)
tascr30b;tascr30b;Tasc R30 (The King 2.23)
tascr30g;tascr30g;Tasc R30 (Gideon 2.1)
tascr40;tascr40;Tasc R40 (The King 2.50)
tascr40a;tascr40a;Tasc R40 (The King 2.20)
tascr40b;tascr40b;Tasc R40 (The King 2.23)
tascr40g;tascr40g;Tasc R40 (Gideon 2.1)
tking;tking;Saitek Turbo King II (ver. D+)
tkinga;tkinga;Saitek Turbo King (ver. B, set 1)
tkingb;tkingb;Saitek Turbo King (ver. B, set 2)
tstar432;tstar432;Saitek Turbostar 432
uvc;uvc;Fidelity UVC Advanced Voice Chess Challenger
van16;van16;Mephisto Vancouver 16 Bit
van32;van32;Mephisto Vancouver 32 Bit
van32_oc;van32_oc;Mephisto Vancouver 68020 (Turbo)
van32t;van32t;Mephisto TM Vancouver 68030
van32t8;van32t8;Mephisto TM Vancouver 68030 (WM version)
vcc;vcc;Fidelity VCC Voice Chess Challenger
vsc;vsc;Fidelity VSC Voice Sensory Chess Challenger
